
> per-set@0.0.0 build
> vite build

vite v6.4.1 building for production...
transforming...
✓ 3514 modules transformed.
node_modules/lottie-web/build/player/lottie.js (14422:32): Use of eval in "node_modules/lottie-web/build/player/lottie.js" is strongly discouraged as it poses security risks and may cause issues with minification.
rendering chunks...
[plugin vite:reporter] 
(!) /Users/romainperset/Desktop/dossier gestion des conso/CinéStock/A Better Set/A Better Set/node_modules/react-hot-toast/dist/index.mjs is dynamically imported by /Users/romainperset/Desktop/dossier gestion des conso/CinéStock/A Better Set/A Better Set/components/InventoryManager.tsx but also statically imported by /Users/romainperset/Desktop/dossier gestion des conso/CinéStock/A Better Set/A Better Set/App.tsx, /Users/romainperset/Desktop/dossier gestion des conso/CinéStock/A Better Set/A Better Set/components/CrewMealSelection.tsx, /Users/romainperset/Desktop/dossier gestion des conso/CinéStock/A Better Set/A Better Set/components/RenfortsWidget.tsx, /Users/romainperset/Desktop/dossier gestion des conso/CinéStock/A Better Set/A Better Set/hooks/useToast.ts, dynamic import will not move module into another chunk.

[plugin vite:reporter] 
(!) /Users/romainperset/Desktop/dossier gestion des conso/CinéStock/A Better Set/A Better Set/node_modules/firebase/firestore/dist/esm/index.esm.js is dynamically imported by /Users/romainperset/Desktop/dossier gestion des conso/CinéStock/A Better Set/A Better Set/context/ProjectContext.tsx, /Users/romainperset/Desktop/dossier gestion des conso/CinéStock/A Better Set/A Better Set/context/TeamContext.tsx but also statically imported by /Users/romainperset/Desktop/dossier gestion des conso/CinéStock/A Better Set/A Better Set/components/CallSheetView.tsx, /Users/romainperset/Desktop/dossier gestion des conso/CinéStock/A Better Set/A Better Set/components/CircularEconomy.tsx, /Users/romainperset/Desktop/dossier gestion des conso/CinéStock/A Better Set/A Better Set/components/InventoryManager.tsx, /Users/romainperset/Desktop/dossier gestion des conso/CinéStock/A Better Set/A Better Set/components/TimesheetWidget.tsx, /Users/romainperset/Desktop/dossier gestion des conso/CinéStock/A Better Set/A Better Set/context/AuthContext.tsx, /Users/romainperset/Desktop/dossier gestion des conso/CinéStock/A Better Set/A Better Set/context/ExpenseContext.tsx, /Users/romainperset/Desktop/dossier gestion des conso/CinéStock/A Better Set/A Better Set/context/LogisticsContext.tsx, /Users/romainperset/Desktop/dossier gestion des conso/CinéStock/A Better Set/A Better Set/context/MarketplaceContext.tsx, /Users/romainperset/Desktop/dossier gestion des conso/CinéStock/A Better Set/A Better Set/context/NotificationContext.tsx, /Users/romainperset/Desktop/dossier gestion des conso/CinéStock/A Better Set/A Better Set/context/ProjectContext.tsx, /Users/romainperset/Desktop/dossier gestion des conso/CinéStock/A Better Set/A Better Set/context/SocialContext.tsx, /Users/romainperset/Desktop/dossier gestion des conso/CinéStock/A Better Set/A Better Set/context/TeamContext.tsx, /Users/romainperset/Desktop/dossier gestion des conso/CinéStock/A Better Set/A Better Set/hooks/usePushNotifications.ts, /Users/romainperset/Desktop/dossier gestion des conso/CinéStock/A Better Set/A Better Set/services/adminService.ts, /Users/romainperset/Desktop/dossier gestion des conso/CinéStock/A Better Set/A Better Set/services/firebase.ts, /Users/romainperset/Desktop/dossier gestion des conso/CinéStock/A Better Set/A Better Set/services/transactionService.ts, /Users/romainperset/Desktop/dossier gestion des conso/CinéStock/A Better Set/A Better Set/services/userService.ts, dynamic import will not move module into another chunk.

computing gzip size...
dist/registerSW.js                              0.13 kB
dist/manifest.webmanifest                       0.48 kB
dist/index.html                                 2.67 kB │ gzip:   1.11 kB
dist/assets/pdf.worker.min-wgc6bjNh.mjs     1,078.61 kB
dist/assets/index-RuMywS7E.css                  0.34 kB │ gzip:   0.24 kB
dist/assets/chevron-left-k1XXc5hI.js            0.30 kB │ gzip:   0.25 kB
dist/assets/arrow-left-DSNVOjAI.js              0.34 kB │ gzip:   0.27 kB
dist/assets/square-check-big-CMHxPlkK.js        0.40 kB │ gzip:   0.30 kB
dist/assets/pen-DexYmjyz.js                     0.41 kB │ gzip:   0.31 kB
dist/assets/funnel-X10krO_H.js                  0.43 kB │ gzip:   0.32 kB
dist/assets/user-plus-qAWCK3tF.js               0.48 kB │ gzip:   0.34 kB
dist/assets/printer-YT64wkg9.js                 0.49 kB │ gzip:   0.34 kB
dist/assets/square-pen-DumPuLUL.js              0.49 kB │ gzip:   0.34 kB
dist/assets/camera-C9PSDmMz.js                  0.51 kB │ gzip:   0.36 kB
dist/assets/transactionService-DHdYlRBo.js      0.73 kB │ gzip:   0.43 kB
dist/assets/adminService-p15AylqO.js            0.90 kB │ gzip:   0.43 kB
dist/assets/parseISO-DYG4kC73.js                3.51 kB │ gzip:   1.63 kB
dist/assets/SellItemModal-DWoUKEgR.js           6.46 kB │ gzip:   2.34 kB
dist/assets/GlobalStock-Bb8HHbNS.js             8.35 kB │ gzip:   2.63 kB
dist/assets/MyListsWidget-BkXSudCf.js           8.64 kB │ gzip:   3.26 kB
dist/assets/SuperAdminStats-CDvj2Q80.js         9.29 kB │ gzip:   2.61 kB
dist/assets/EnergyTracker-D0xw_eRM.js          11.41 kB │ gzip:   4.06 kB
dist/assets/FoodDonationWidget-DEyVwSfs.js     13.76 kB │ gzip:   3.71 kB
dist/assets/MarketplacePage-DLuEu2Vq.js        15.42 kB │ gzip:   4.86 kB
dist/assets/DepartmentOrders-D6dziG2g.js       19.00 kB │ gzip:   5.28 kB
dist/assets/TeamDirectory-DKKZ_6yv.js          20.26 kB │ gzip:   5.99 kB
dist/assets/ExpenseReports-C4w8-YtP.js         20.32 kB │ gzip:   6.20 kB
dist/assets/format-Be2kQT6n.js                 20.87 kB │ gzip:   5.91 kB
dist/assets/uspaRates-Cfj-DSe6.js              22.07 kB │ gzip:   4.05 kB
dist/assets/purify.es-B9ZVCkUG.js              22.64 kB │ gzip:   8.75 kB
dist/assets/BuyBackMarketplace-Ce1_gw8M.js     23.07 kB │ gzip:   6.43 kB
dist/assets/UserProfilePage-DwwvLeyY.js        26.15 kB │ gzip:   6.81 kB
dist/assets/CircularEconomy-BQ5QaD3d.js        33.23 kB │ gzip:   7.37 kB
dist/assets/PDTManager-Cb8pQY6N.js             33.61 kB │ gzip:  11.62 kB
dist/assets/LogisticsWidget-Bv9X739c.js        39.96 kB │ gzip:   9.32 kB
dist/assets/AdminDashboard-lgvl2tp3.js         43.53 kB │ gzip:   9.42 kB
dist/assets/RenfortsWidget-B8isCuw_.js         44.90 kB │ gzip:   9.38 kB
dist/assets/CateringWidget-B5f0TmAP.js         49.14 kB │ gzip:  11.70 kB
dist/assets/TimesheetWidget-DXHjVKMT.js        57.63 kB │ gzip:  13.05 kB
dist/assets/CallSheetView-BkvcN1O0.js          61.35 kB │ gzip:  15.74 kB
dist/assets/index.es-vXjiMmCG.js              159.40 kB │ gzip:  53.43 kB
dist/assets/html2canvas.esm-QH1iLAAe.js       202.38 kB │ gzip:  48.04 kB
dist/assets/jspdf.es.min-BUm-fNIx.js          389.88 kB │ gzip: 128.42 kB
dist/assets/ImpactReport-CSt3dUko.js          401.64 kB │ gzip: 119.19 kB
dist/assets/xlsx-CkFp8p6R.js                  429.53 kB │ gzip: 143.08 kB
dist/assets/pdf.worker.min-BG9aD9j4.js        444.38 kB │ gzip: 131.45 kB
dist/assets/index-B_mjVxLq.js               2,097.41 kB │ gzip: 486.68 kB

(!) Some chunks are larger than 2000 kB after minification. Consider:
- Using dynamic import() to code-split the application
- Use build.rollupOptions.output.manualChunks to improve chunking: https://rollupjs.org/configuration-options/#output-manualchunks
- Adjust chunk size limit for this warning via build.chunkSizeWarningLimit.
✓ built in 7.62s
error during build:
Error: 
  Configure "workbox.maximumFileSizeToCacheInBytes" to change the limit: the default value is 2 MiB.
  Check https://vite-pwa-org.netlify.app/guide/faq.html#missing-assets-from-sw-precache-manifest for more information.
  Assets exceeding the limit:
  - assets/index-B_mjVxLq.js is 2.1 MB, and won't be precached.

    at logWorkboxResult (file:///Users/romainperset/Desktop/dossier%20gestion%20des%20conso/Cine%CC%81Stock/A%20Better%20Set/A%20Better%20Set/node_modules/vite-plugin-pwa/dist/chunk-G4TAN34B.js:44:13)
    at generateServiceWorker (file:///Users/romainperset/Desktop/dossier%20gestion%20des%20conso/Cine%CC%81Stock/A%20Better%20Set/A%20Better%20Set/node_modules/vite-plugin-pwa/dist/index.js:209:3)
    at async _generateSW (file:///Users/romainperset/Desktop/dossier%20gestion%20des%20conso/Cine%CC%81Stock/A%20Better%20Set/A%20Better%20Set/node_modules/vite-plugin-pwa/dist/index.js:234:5)
    at async Object.handler (file:///Users/romainperset/Desktop/dossier%20gestion%20des%20conso/Cine%CC%81Stock/A%20Better%20Set/A%20Better%20Set/node_modules/vite-plugin-pwa/dist/index.js:427:13)
    at async PluginDriver.hookParallel (file:///Users/romainperset/Desktop/dossier%20gestion%20des%20conso/Cine%CC%81Stock/A%20Better%20Set/A%20Better%20Set/node_modules/rollup/dist/es/shared/node-entry.js:22355:17)
    at async Object.close (file:///Users/romainperset/Desktop/dossier%20gestion%20des%20conso/Cine%CC%81Stock/A%20Better%20Set/A%20Better%20Set/node_modules/rollup/dist/es/shared/node-entry.js:23374:13)
    at async buildEnvironment (file:///Users/romainperset/Desktop/dossier%20gestion%20des%20conso/Cine%CC%81Stock/A%20Better%20Set/A%20Better%20Set/node_modules/vite/dist/node/chunks/dep-D4NMHUTW.js:46258:17)
    at async Object.defaultBuildApp [as buildApp] (file:///Users/romainperset/Desktop/dossier%20gestion%20des%20conso/Cine%CC%81Stock/A%20Better%20Set/A%20Better%20Set/node_modules/vite/dist/node/chunks/dep-D4NMHUTW.js:46713:5)
    at async CAC.<anonymous> (file:///Users/romainperset/Desktop/dossier%20gestion%20des%20conso/Cine%CC%81Stock/A%20Better%20Set/A%20Better%20Set/node_modules/vite/dist/node/cli.js:863:7)
